go : # remiaq/internal/handlers [remiaq/internal/handlers.test]
At line:1 char:1
+ go test -v ./... > test_output.log 2>&1
+ ~~~~~~~~~~~~~~~~~~~~~~~~~~~~~~~~~~~~~~~
    + CategoryInfo          : NotSpecified: (# remiaq/intern.../handlers.test]:String) [], Remot 
   eException
    + FullyQualifiedErrorId : NativeCommandError
 
internal\handlers\reminder_handler_test.go:809:20: cannot use nil as string value in struct 
literal
internal\handlers\reminder_handler_test.go:819:20: cannot use nil as string value in struct 
literal
internal\handlers\reminder_handler_test.go:829:20: cannot use &snoozeTime (value of type 
*"time".Time) as string value in struct literal
internal\handlers\reminder_handler_test.go:839:20: cannot use &pastTime (value of type 
*"time".Time) as string value in struct literal
internal\handlers\reminder_handler_test.go:849:20: cannot use nil as string value in struct 
literal
internal\handlers\reminder_handler_test.go:859:20: cannot use nil as string value in struct 
literal
# remiaq/internal/repository/pocketbase [remiaq/internal/repository/pocketbase.test]
internal\repository\pocketbase\reminder_repo_test.go:251:62: cannot use completedAt (variable of 
struct type "time".Time) as string value in argument to repo.MarkCompleted
internal\repository\pocketbase\reminder_repo_test.go:268:61: cannot use &snoozeUntil (value of 
type *"time".Time) as string value in argument to repo.UpdateSnooze
internal\repository\pocketbase\reminder_repo_test.go:285:63: cannot use sentAt (variable of 
struct type "time".Time) as string value in argument to repo.UpdateLastSent
?   	remiaq	[no test files]
?   	remiaq/cmd/server	[no test files]
=== RUN   TestLoad_Success
--- PASS: TestLoad_Success (0.00s)
=== RUN   TestLoad_Defaults
--- PASS: TestLoad_Defaults (0.00s)
=== RUN   TestValidate_Success
--- PASS: TestValidate_Success (0.00s)
=== RUN   TestValidate_EmptyServerAddr
--- PASS: TestValidate_EmptyServerAddr (0.00s)
=== RUN   TestValidate_InvalidServerAddr
--- PASS: TestValidate_InvalidServerAddr (0.00s)
=== RUN   TestValidate_InvalidWorkerInterval
=== RUN   TestValidate_InvalidWorkerInterval/zero_interval
=== RUN   TestValidate_InvalidWorkerInterval/negative_interval
=== RUN   TestValidate_InvalidWorkerInterval/too_large_interval
--- PASS: TestValidate_InvalidWorkerInterval (0.00s)
    --- PASS: TestValidate_InvalidWorkerInterval/zero_interval (0.00s)
    --- PASS: TestValidate_InvalidWorkerInterval/negative_interval (0.00s)
    --- PASS: TestValidate_InvalidWorkerInterval/too_large_interval (0.00s)
=== RUN   TestValidate_EmptyFCMCredentials
--- PASS: TestValidate_EmptyFCMCredentials (0.00s)
=== RUN   TestValidate_InvalidEnvironment
--- PASS: TestValidate_InvalidEnvironment (0.00s)
=== RUN   TestEnvironmentCheckers
=== RUN   TestEnvironmentCheckers/development
=== RUN   TestEnvironmentCheckers/production
=== RUN   TestEnvironmentCheckers/testing
--- PASS: TestEnvironmentCheckers (0.00s)
    --- PASS: TestEnvironmentCheckers/development (0.00s)
    --- PASS: TestEnvironmentCheckers/production (0.00s)
    --- PASS: TestEnvironmentCheckers/testing (0.00s)
=== RUN   TestGetEnvInt
=== RUN   TestGetEnvInt/valid_integer
=== RUN   TestGetEnvInt/invalid_integer
=== RUN   TestGetEnvInt/empty_value
--- PASS: TestGetEnvInt (0.00s)
    --- PASS: TestGetEnvInt/valid_integer (0.00s)
    --- PASS: TestGetEnvInt/invalid_integer (0.00s)
    --- PASS: TestGetEnvInt/empty_value (0.00s)
=== RUN   TestContains
--- PASS: TestContains (0.00s)
PASS
ok  	remiaq/config	(cached)
?   	remiaq/docs	[no test files]
=== RUN   TestGetOne_SuccessMapping
=== RUN   TestGetOne_SuccessMapping/should_map_valid_SQL_row_to_User_struct
=== RUN   TestGetOne_SuccessMapping/should_map_valid_SQL_row_to_SystemStatus_struct
--- PASS: TestGetOne_SuccessMapping (0.00s)
    --- PASS: TestGetOne_SuccessMapping/should_map_valid_SQL_row_to_User_struct (0.00s)
    --- PASS: TestGetOne_SuccessMapping/should_map_valid_SQL_row_to_SystemStatus_struct (0.00s)
=== RUN   TestGetOne_MappingErrors
=== RUN   TestGetOne_MappingErrors/should_allow_missing_id_field_(defaults_to_empty_string)
=== RUN   TestGetOne_MappingErrors/should_return_error_on_invalid_type_conversion_(string_to_int)
=== RUN   TestGetOne_MappingErrors/should_return_error_on_invalid_boolean_conversion
=== RUN   TestGetOne_MappingErrors/should_return_error_on_invalid_time_format
=== RUN   TestGetOne_MappingErrors/should_allow_NULL_field_(defaults_to_zero_value)
--- PASS: TestGetOne_MappingErrors (0.00s)
    --- PASS: TestGetOne_MappingErrors/should_allow_missing_id_field_(defaults_to_empty_string) (0.00s)
    --- PASS: TestGetOne_MappingErrors/should_return_error_on_invalid_type_conversion_(string_to_int) (0.00s)
    --- PASS: TestGetOne_MappingErrors/should_return_error_on_invalid_boolean_conversion (0.00s)
    --- PASS: TestGetOne_MappingErrors/should_return_error_on_invalid_time_format (0.00s)
    --- PASS: TestGetOne_MappingErrors/should_allow_NULL_field_(defaults_to_zero_value) (0.00s)
=== RUN   TestGetAll_MappingErrors
=== RUN   TestGetAll_MappingErrors/should_return_error_when_any_row_fails_mapping
=== RUN   TestGetAll_MappingErrors/should_successfully_map_all_rows_when_all_valid
--- PASS: TestGetAll_MappingErrors (0.00s)
    --- PASS: TestGetAll_MappingErrors/should_return_error_when_any_row_fails_mapping (0.00s)
    --- PASS: TestGetAll_MappingErrors/should_successfully_map_all_rows_when_all_valid (0.00s)
=== RUN   TestGetOne_DatabaseErrors
=== RUN   TestGetOne_DatabaseErrors/should_propagate_database_errors
=== RUN   TestGetOne_DatabaseErrors/should_handle_empty_result_set
--- PASS: TestGetOne_DatabaseErrors (0.00s)
    --- PASS: TestGetOne_DatabaseErrors/should_propagate_database_errors (0.00s)
    --- PASS: TestGetOne_DatabaseErrors/should_handle_empty_result_set (0.00s)
PASS
ok  	remiaq/internal/db	(cached)
FAIL	remiaq/internal/handlers [build failed]
=== RUN   TestSetCORSHeaders
=== RUN   TestSetCORSHeaders/should_set_all_CORS_headers_correctly
=== RUN   TestSetCORSHeaders/should_not_overwrite_existing_headers
--- PASS: TestSetCORSHeaders (0.00s)
    --- PASS: TestSetCORSHeaders/should_set_all_CORS_headers_correctly (0.00s)
    --- PASS: TestSetCORSHeaders/should_not_overwrite_existing_headers (0.00s)
=== RUN   TestCORSMiddleware
=== RUN   TestCORSMiddleware/should_handle_OPTIONS_request_(preflight)
=== RUN   TestCORSMiddleware/should_call_next_handler_for_non-OPTIONS_request
=== RUN   TestCORSMiddleware/should_propagate_error_from_next_handler
=== RUN   TestCORSMiddleware/should_handle_different_HTTP_methods
=== RUN   TestCORSMiddleware/should_handle_different_HTTP_methods/method_GET
=== RUN   TestCORSMiddleware/should_handle_different_HTTP_methods/method_POST
=== RUN   TestCORSMiddleware/should_handle_different_HTTP_methods/method_PUT
=== RUN   TestCORSMiddleware/should_handle_different_HTTP_methods/method_DELETE
=== RUN   TestCORSMiddleware/should_handle_different_HTTP_methods/method_PATCH
=== RUN   TestCORSMiddleware/should_handle_different_HTTP_methods/method_HEAD
--- PASS: TestCORSMiddleware (0.00s)
    --- PASS: TestCORSMiddleware/should_handle_OPTIONS_request_(preflight) (0.00s)
    --- PASS: TestCORSMiddleware/should_call_next_handler_for_non-OPTIONS_request (0.00s)
    --- PASS: TestCORSMiddleware/should_propagate_error_from_next_handler (0.00s)
    --- PASS: TestCORSMiddleware/should_handle_different_HTTP_methods (0.00s)
        --- PASS: TestCORSMiddleware/should_handle_different_HTTP_methods/method_GET (0.00s)
        --- PASS: TestCORSMiddleware/should_handle_different_HTTP_methods/method_POST (0.00s)
        --- PASS: TestCORSMiddleware/should_handle_different_HTTP_methods/method_PUT (0.00s)
        --- PASS: TestCORSMiddleware/should_handle_different_HTTP_methods/method_DELETE (0.00s)
        --- PASS: TestCORSMiddleware/should_handle_different_HTTP_methods/method_PATCH (0.00s)
        --- PASS: TestCORSMiddleware/should_handle_different_HTTP_methods/method_HEAD (0.00s)
=== RUN   TestValidateQuery
=== RUN   TestValidateQuery/should_accept_valid_queries
=== RUN   TestValidateQuery/should_reject_empty_query
=== RUN   TestValidateQuery/should_reject_dangerous_patterns
--- PASS: TestValidateQuery (0.00s)
    --- PASS: TestValidateQuery/should_accept_valid_queries (0.00s)
    --- PASS: TestValidateQuery/should_reject_empty_query (0.00s)
    --- PASS: TestValidateQuery/should_reject_dangerous_patterns (0.00s)
=== RUN   TestValidateSelectQuery
=== RUN   TestValidateSelectQuery/should_accept_valid_SELECT_queries
=== RUN   TestValidateSelectQuery/should_reject_non-SELECT_queries
--- PASS: TestValidateSelectQuery (0.00s)
    --- PASS: TestValidateSelectQuery/should_accept_valid_SELECT_queries (0.00s)
    --- PASS: TestValidateSelectQuery/should_reject_non-SELECT_queries (0.00s)
=== RUN   TestValidateUpdateQuery
=== RUN   TestValidateUpdateQuery/should_accept_valid_UPDATE_queries_with_WHERE_clause
=== RUN   TestValidateUpdateQuery/should_reject_UPDATE_queries_without_WHERE_clause
=== RUN   TestValidateUpdateQuery/should_reject_non-UPDATE_queries
--- PASS: TestValidateUpdateQuery (0.00s)
    --- PASS: TestValidateUpdateQuery/should_accept_valid_UPDATE_queries_with_WHERE_clause (0.00s)
    --- PASS: TestValidateUpdateQuery/should_reject_UPDATE_queries_without_WHERE_clause (0.00s)
    --- PASS: TestValidateUpdateQuery/should_reject_non-UPDATE_queries (0.00s)
=== RUN   TestValidateDeleteQuery
=== RUN   TestValidateDeleteQuery/should_accept_valid_DELETE_queries_with_WHERE_clause
=== RUN   TestValidateDeleteQuery/should_reject_DELETE_queries_without_WHERE_clause
=== RUN   TestValidateDeleteQuery/should_reject_non-DELETE_queries
--- PASS: TestValidateDeleteQuery (0.00s)
    --- PASS: TestValidateDeleteQuery/should_accept_valid_DELETE_queries_with_WHERE_clause (0.00s)
    --- PASS: TestValidateDeleteQuery/should_reject_DELETE_queries_without_WHERE_clause (0.00s)
    --- PASS: TestValidateDeleteQuery/should_reject_non-DELETE_queries (0.00s)
PASS
ok  	remiaq/internal/middleware	(cached)
?   	remiaq/internal/models	[no test files]
?   	remiaq/internal/repository	[no test files]
FAIL	remiaq/internal/repository/pocketbase [build failed]
=== RUN   TestFCMService_SendNotification
=== RUN   TestFCMService_SendNotification/should_return_error_for_empty_token
=== RUN   TestFCMService_SendNotification/should_send_notification_successfully
--- PASS: TestFCMService_SendNotification (0.00s)
    --- PASS: TestFCMService_SendNotification/should_return_error_for_empty_token (0.00s)
    --- PASS: TestFCMService_SendNotification/should_send_notification_successfully (0.00s)
=== RUN   TestFCMService_SendNotificationWithData
=== RUN   TestFCMService_SendNotificationWithData/should_return_error_for_empty_token
=== RUN   TestFCMService_SendNotificationWithData/should_validate_input_parameters
=== RUN   TestFCMService_SendNotificationWithData/should_validate_input_parameters/valid_parameters
=== RUN   TestFCMService_SendNotificationWithData/should_validate_input_parameters/empty_title
=== RUN   TestFCMService_SendNotificationWithData/should_validate_input_parameters/empty_body
=== RUN   TestFCMService_SendNotificationWithData/should_validate_input_parameters/nil_data
--- PASS: TestFCMService_SendNotificationWithData (0.00s)
    --- PASS: TestFCMService_SendNotificationWithData/should_return_error_for_empty_token (0.00s)
    --- PASS: TestFCMService_SendNotificationWithData/should_validate_input_parameters (0.00s)
        --- PASS: TestFCMService_SendNotificationWithData/should_validate_input_parameters/valid_parameters (0.00s)
        --- PASS: TestFCMService_SendNotificationWithData/should_validate_input_parameters/empty_title (0.00s)
        --- PASS: TestFCMService_SendNotificationWithData/should_validate_input_parameters/empty_body (0.00s)
        --- PASS: TestFCMService_SendNotificationWithData/should_validate_input_parameters/nil_data (0.00s)
=== RUN   TestFCMService_SendMulticast
=== RUN   TestFCMService_SendMulticast/should_return_error_for_empty_tokens
=== RUN   TestFCMService_SendMulticast/should_validate_tokens_array
=== RUN   TestFCMService_SendMulticast/should_validate_tokens_array/valid_tokens
=== RUN   TestFCMService_SendMulticast/should_validate_tokens_array/single_token
=== RUN   TestFCMService_SendMulticast/should_validate_tokens_array/empty_array
=== RUN   TestFCMService_SendMulticast/should_validate_tokens_array/nil_array
--- PASS: TestFCMService_SendMulticast (0.00s)
    --- PASS: TestFCMService_SendMulticast/should_return_error_for_empty_tokens (0.00s)
    --- PASS: TestFCMService_SendMulticast/should_validate_tokens_array (0.00s)
        --- PASS: TestFCMService_SendMulticast/should_validate_tokens_array/valid_tokens (0.00s)
        --- PASS: TestFCMService_SendMulticast/should_validate_tokens_array/single_token (0.00s)
        --- PASS: TestFCMService_SendMulticast/should_validate_tokens_array/empty_array (0.00s)
        --- PASS: TestFCMService_SendMulticast/should_validate_tokens_array/nil_array (0.00s)
=== RUN   TestNewFCMService
=== RUN   TestNewFCMService/should_validate_credentials_path
=== RUN   TestNewFCMService/should_validate_credentials_path/empty_path
=== RUN   TestNewFCMService/should_validate_credentials_path/invalid_path
=== RUN   TestNewFCMService/should_validate_credentials_path/valid_format
--- PASS: TestNewFCMService (0.00s)
    --- PASS: TestNewFCMService/should_validate_credentials_path (0.00s)
        --- PASS: TestNewFCMService/should_validate_credentials_path/empty_path (0.00s)
        --- PASS: TestNewFCMService/should_validate_credentials_path/invalid_path (0.00s)
        --- PASS: TestNewFCMService/should_validate_credentials_path/valid_format (0.00s)
=== RUN   TestNewLunarCalendar
--- PASS: TestNewLunarCalendar (0.00s)
=== RUN   TestLunarCalendar_SolarToLunar
=== RUN   TestLunarCalendar_SolarToLunar/Tß║┐t_Nguy├¬n_─É├ín_2025_(29/1/2025)
=== RUN   TestLunarCalendar_SolarToLunar/Tß║┐t_Nguy├¬n_─É├ín_2024_(10/2/2024)
=== RUN   TestLunarCalendar_SolarToLunar/Rß║▒m_th├íng_Gi├¬ng_2025_(12/2/2025)
=== RUN   TestLunarCalendar_SolarToLunar/Ng├áy_th╞░ß╗¥ng_2024_(15/3/2024)
=== RUN   TestLunarCalendar_SolarToLunar/Cuß╗æi_n─âm_2023_(31/12/2023)
--- PASS: TestLunarCalendar_SolarToLunar (0.00s)
    --- PASS: TestLunarCalendar_SolarToLunar/Tß║┐t_Nguy├¬n_─É├ín_2025_(29/1/2025) (0.00s)
    --- PASS: TestLunarCalendar_SolarToLunar/Tß║┐t_Nguy├¬n_─É├ín_2024_(10/2/2024) (0.00s)
    --- PASS: TestLunarCalendar_SolarToLunar/Rß║▒m_th├íng_Gi├¬ng_2025_(12/2/2025) (0.00s)
    --- PASS: TestLunarCalendar_SolarToLunar/Ng├áy_th╞░ß╗¥ng_2024_(15/3/2024) (0.00s)
    --- PASS: TestLunarCalendar_SolarToLunar/Cuß╗æi_n─âm_2023_(31/12/2023) (0.00s)
=== RUN   TestLunarCalendar_LunarToSolar
=== RUN   TestLunarCalendar_LunarToSolar/M├╣ng_1_Tß║┐t_2025
=== RUN   TestLunarCalendar_LunarToSolar/M├╣ng_1_Tß║┐t_2024
=== RUN   TestLunarCalendar_LunarToSolar/Rß║▒m_th├íng_Gi├¬ng_2025
=== RUN   TestLunarCalendar_LunarToSolar/Ng├áy_6/2_├óm_lß╗ïch_2024
--- PASS: TestLunarCalendar_LunarToSolar (0.00s)
    --- PASS: TestLunarCalendar_LunarToSolar/M├╣ng_1_Tß║┐t_2025 (0.00s)
    --- PASS: TestLunarCalendar_LunarToSolar/M├╣ng_1_Tß║┐t_2024 (0.00s)
    --- PASS: TestLunarCalendar_LunarToSolar/Rß║▒m_th├íng_Gi├¬ng_2025 (0.00s)
    --- PASS: TestLunarCalendar_LunarToSolar/Ng├áy_6/2_├óm_lß╗ïch_2024 (0.00s)
=== RUN   TestLunarCalendar_LunarToSolarWithLeap
=== RUN   TestLunarCalendar_LunarToSolarWithLeap/should_handle_leap_month_correctly
=== RUN   TestLunarCalendar_LunarToSolarWithLeap/should_handle_invalid_leap_month
--- PASS: TestLunarCalendar_LunarToSolarWithLeap (0.00s)
    --- PASS: TestLunarCalendar_LunarToSolarWithLeap/should_handle_leap_month_correctly (0.00s)
    --- PASS: TestLunarCalendar_LunarToSolarWithLeap/should_handle_invalid_leap_month (0.00s)
=== RUN   TestLunarCalendar_GetLunarMonthDays
=== RUN   TestLunarCalendar_GetLunarMonthDays/Th├íng_Gi├¬ng_2025
    lunar_calendar_test.go:182: Lunar month 1/2025 has 30 days
=== RUN   TestLunarCalendar_GetLunarMonthDays/Th├íng_2_├óm_lß╗ïch_2025
    lunar_calendar_test.go:182: Lunar month 2/2025 has 29 days
--- PASS: TestLunarCalendar_GetLunarMonthDays (0.00s)
    --- PASS: TestLunarCalendar_GetLunarMonthDays/Th├íng_Gi├¬ng_2025 (0.00s)
    --- PASS: TestLunarCalendar_GetLunarMonthDays/Th├íng_2_├óm_lß╗ïch_2025 (0.00s)
=== RUN   TestLunarCalendar_isLeapYear
=== RUN   TestLunarCalendar_isLeapYear/Year_2020
    lunar_calendar_test.go:209: Lunar leap year 2020: false
=== RUN   TestLunarCalendar_isLeapYear/Year_2021
    lunar_calendar_test.go:209: Lunar leap year 2021: true
=== RUN   TestLunarCalendar_isLeapYear/Year_2023
    lunar_calendar_test.go:209: Lunar leap year 2023: true
=== RUN   TestLunarCalendar_isLeapYear/Year_2024
    lunar_calendar_test.go:209: Lunar leap year 2024: true
=== RUN   TestLunarCalendar_isLeapYear/Year_2025
    lunar_calendar_test.go:209: Lunar leap year 2025: false
--- PASS: TestLunarCalendar_isLeapYear (0.00s)
    --- PASS: TestLunarCalendar_isLeapYear/Year_2020 (0.00s)
    --- PASS: TestLunarCalendar_isLeapYear/Year_2021 (0.00s)
    --- PASS: TestLunarCalendar_isLeapYear/Year_2023 (0.00s)
    --- PASS: TestLunarCalendar_isLeapYear/Year_2024 (0.00s)
    --- PASS: TestLunarCalendar_isLeapYear/Year_2025 (0.00s)
=== RUN   TestJdFromDate
=== RUN   TestJdFromDate/Ng├áy_1/1/2000
=== RUN   TestJdFromDate/Ng├áy_29/1/2025_(Tß║┐t_2025)
--- PASS: TestJdFromDate (0.00s)
    --- PASS: TestJdFromDate/Ng├áy_1/1/2000 (0.00s)
    --- PASS: TestJdFromDate/Ng├áy_29/1/2025_(Tß║┐t_2025) (0.00s)
=== RUN   TestJdToDate
=== RUN   TestJdToDate/Julian_Day_2451545_(1/1/2000)
=== RUN   TestJdToDate/Julian_Day_2460705_(29/1/2025)
--- PASS: TestJdToDate (0.00s)
    --- PASS: TestJdToDate/Julian_Day_2451545_(1/1/2000) (0.00s)
    --- PASS: TestJdToDate/Julian_Day_2460705_(29/1/2025) (0.00s)
=== RUN   TestConvertSolar2Lunar
=== RUN   TestConvertSolar2Lunar/Tß║┐t_2025_(29/1/2025)
=== RUN   TestConvertSolar2Lunar/Tß║┐t_2024_(10/2/2024)
--- PASS: TestConvertSolar2Lunar (0.00s)
    --- PASS: TestConvertSolar2Lunar/Tß║┐t_2025_(29/1/2025) (0.00s)
    --- PASS: TestConvertSolar2Lunar/Tß║┐t_2024_(10/2/2024) (0.00s)
=== RUN   TestConvertLunar2Solar
=== RUN   TestConvertLunar2Solar/M├╣ng_1_Tß║┐t_2025
=== RUN   TestConvertLunar2Solar/M├╣ng_1_Tß║┐t_2024
--- PASS: TestConvertLunar2Solar (0.00s)
    --- PASS: TestConvertLunar2Solar/M├╣ng_1_Tß║┐t_2025 (0.00s)
    --- PASS: TestConvertLunar2Solar/M├╣ng_1_Tß║┐t_2024 (0.00s)
=== RUN   TestRoundTripConversion
=== RUN   TestRoundTripConversion/2024-02-10
=== RUN   TestRoundTripConversion/2025-01-29
=== RUN   TestRoundTripConversion/2024-03-15
=== RUN   TestRoundTripConversion/2023-12-31
--- PASS: TestRoundTripConversion (0.00s)
    --- PASS: TestRoundTripConversion/2024-02-10 (0.00s)
    --- PASS: TestRoundTripConversion/2025-01-29 (0.00s)
    --- PASS: TestRoundTripConversion/2024-03-15 (0.00s)
    --- PASS: TestRoundTripConversion/2023-12-31 (0.00s)
=== RUN   TestNewReminderService
--- PASS: TestNewReminderService (0.00s)
=== RUN   TestReminderService_CreateReminder
=== RUN   TestReminderService_CreateReminder/should_create_reminder_successfully
=== RUN   TestReminderService_CreateReminder/should_return_error_for_invalid_reminder
--- PASS: TestReminderService_CreateReminder (0.00s)
    --- PASS: TestReminderService_CreateReminder/should_create_reminder_successfully (0.00s)
    --- PASS: TestReminderService_CreateReminder/should_return_error_for_invalid_reminder (0.00s)
=== RUN   TestReminderService_GetReminder
=== RUN   TestReminderService_GetReminder/should_get_reminder_successfully
=== RUN   TestReminderService_GetReminder/should_return_error_when_reminder_not_found
--- PASS: TestReminderService_GetReminder (0.00s)
    --- PASS: TestReminderService_GetReminder/should_get_reminder_successfully (0.00s)
    --- PASS: TestReminderService_GetReminder/should_return_error_when_reminder_not_found (0.00s)
=== RUN   TestReminderService_CompleteReminder
=== RUN   TestReminderService_CompleteReminder/should_complete_one-time_reminder
=== RUN   TestReminderService_CompleteReminder/should_handle_recurring_reminder
--- PASS: TestReminderService_CompleteReminder (0.00s)
    --- PASS: TestReminderService_CompleteReminder/should_complete_one-time_reminder (0.00s)
    --- PASS: TestReminderService_CompleteReminder/should_handle_recurring_reminder (0.00s)
=== RUN   TestReminderService_SnoozeReminder
=== RUN   TestReminderService_SnoozeReminder/should_snooze_reminder_successfully
--- PASS: TestReminderService_SnoozeReminder (0.00s)
    --- PASS: TestReminderService_SnoozeReminder/should_snooze_reminder_successfully (0.00s)
=== RUN   TestReminderService_ProcessDueReminders
=== RUN   TestReminderService_ProcessDueReminders/should_process_due_reminders_successfully
=== RUN   TestReminderService_ProcessDueReminders/should_handle_FCM_errors_gracefully
--- PASS: TestReminderService_ProcessDueReminders (0.00s)
    --- PASS: TestReminderService_ProcessDueReminders/should_process_due_reminders_successfully (0.00s)
    --- PASS: TestReminderService_ProcessDueReminders/should_handle_FCM_errors_gracefully (0.00s)
=== RUN   TestIsTokenInvalidError
=== RUN   TestIsTokenInvalidError/nil_error
=== RUN   TestIsTokenInvalidError/UNREGISTERED_error
=== RUN   TestIsTokenInvalidError/INVALID_ARGUMENT_error
=== RUN   TestIsTokenInvalidError/NOT_FOUND_error
=== RUN   TestIsTokenInvalidError/other_error
--- PASS: TestIsTokenInvalidError (0.00s)
    --- PASS: TestIsTokenInvalidError/nil_error (0.00s)
    --- PASS: TestIsTokenInvalidError/UNREGISTERED_error (0.00s)
    --- PASS: TestIsTokenInvalidError/INVALID_ARGUMENT_error (0.00s)
    --- PASS: TestIsTokenInvalidError/NOT_FOUND_error (0.00s)
    --- PASS: TestIsTokenInvalidError/other_error (0.00s)
=== RUN   TestNewScheduleCalculator
--- PASS: TestNewScheduleCalculator (0.00s)
=== RUN   TestScheduleCalculator_CalculateNextTrigger
=== RUN   TestScheduleCalculator_CalculateNextTrigger/should_handle_one-time_reminder
=== RUN   TestScheduleCalculator_CalculateNextTrigger/should_handle_recurring_reminder
=== RUN   TestScheduleCalculator_CalculateNextTrigger/should_return_error_for_recurring_reminder_without_pattern
--- PASS: TestScheduleCalculator_CalculateNextTrigger (0.00s)
    --- PASS: TestScheduleCalculator_CalculateNextTrigger/should_handle_one-time_reminder (0.00s)
    --- PASS: TestScheduleCalculator_CalculateNextTrigger/should_handle_recurring_reminder (0.00s)
    --- PASS: TestScheduleCalculator_CalculateNextTrigger/should_return_error_for_recurring_reminder_without_pattern (0.00s)
=== RUN   TestScheduleCalculator_calculateOneTime
=== RUN   TestScheduleCalculator_calculateOneTime/should_return_existing_NextTriggerAt
=== RUN   TestScheduleCalculator_calculateOneTime/should_return_fromTime_when_NextTriggerAt_is_zero
--- PASS: TestScheduleCalculator_calculateOneTime (0.00s)
    --- PASS: TestScheduleCalculator_calculateOneTime/should_return_existing_NextTriggerAt (0.00s)
    --- PASS: TestScheduleCalculator_calculateOneTime/should_return_fromTime_when_NextTriggerAt_is_zero (0.00s)
=== RUN   TestScheduleCalculator_calculateIntervalBased
=== RUN   TestScheduleCalculator_calculateIntervalBased/should_calculate_from_completion_time_when_base_on=completion
=== RUN   TestScheduleCalculator_calculateIntervalBased/should_calculate_from_creation_time_when_never_completed
=== RUN   TestScheduleCalculator_calculateIntervalBased/should_calculate_from_fromTime_for_creation-based
--- PASS: TestScheduleCalculator_calculateIntervalBased (0.00s)
    --- PASS: TestScheduleCalculator_calculateIntervalBased/should_calculate_from_completion_time_when_base_on=completion (0.00s)
    --- PASS: TestScheduleCalculator_calculateIntervalBased/should_calculate_from_creation_time_when_never_completed (0.00s)
    --- PASS: TestScheduleCalculator_calculateIntervalBased/should_calculate_from_fromTime_for_creation-based (0.00s)
=== RUN   TestScheduleCalculator_calculateDaily
=== RUN   TestScheduleCalculator_calculateDaily/should_return_error_when_trigger_time_of_day_is_missing
=== RUN   TestScheduleCalculator_calculateDaily/should_calculate_next_day_when_time_has_passed
=== RUN   TestScheduleCalculator_calculateDaily/should_calculate_today_when_time_hasn't_passed
--- PASS: TestScheduleCalculator_calculateDaily (0.00s)
    --- PASS: TestScheduleCalculator_calculateDaily/should_return_error_when_trigger_time_of_day_is_missing (0.00s)
    --- PASS: TestScheduleCalculator_calculateDaily/should_calculate_next_day_when_time_has_passed (0.00s)
    --- PASS: TestScheduleCalculator_calculateDaily/should_calculate_today_when_time_hasn't_passed (0.00s)
=== RUN   TestScheduleCalculator_calculateWeekly
=== RUN   TestScheduleCalculator_calculateWeekly/should_return_error_when_trigger_time_of_day_is_missing
=== RUN   TestScheduleCalculator_calculateWeekly/should_calculate_next_Monday
=== RUN   TestScheduleCalculator_calculateWeekly/should_handle_same_day_when_time_hasn't_passed
--- PASS: TestScheduleCalculator_calculateWeekly (0.00s)
    --- PASS: TestScheduleCalculator_calculateWeekly/should_return_error_when_trigger_time_of_day_is_missing (0.00s)
    --- PASS: TestScheduleCalculator_calculateWeekly/should_calculate_next_Monday (0.00s)
    --- PASS: TestScheduleCalculator_calculateWeekly/should_handle_same_day_when_time_hasn't_passed (0.00s)
=== RUN   TestScheduleCalculator_calculateMonthly
=== RUN   TestScheduleCalculator_calculateMonthly/should_return_error_when_trigger_time_of_day_is_missing_for_solar_calendar
=== RUN   TestScheduleCalculator_calculateMonthly/should_calculate_next_month_when_day_has_passed
=== RUN   TestScheduleCalculator_calculateMonthly/should_calculate_current_month_when_day_hasn't_passed
=== RUN   TestScheduleCalculator_calculateMonthly/should_handle_lunar_calendar
--- PASS: TestScheduleCalculator_calculateMonthly (0.00s)
    --- PASS: TestScheduleCalculator_calculateMonthly/should_return_error_when_trigger_time_of_day_is_missing_for_solar_calendar (0.00s)
    --- PASS: TestScheduleCalculator_calculateMonthly/should_calculate_next_month_when_day_has_passed (0.00s)
    --- PASS: TestScheduleCalculator_calculateMonthly/should_calculate_current_month_when_day_hasn't_passed (0.00s)
    --- PASS: TestScheduleCalculator_calculateMonthly/should_handle_lunar_calendar (0.00s)
=== RUN   TestParseTimeOfDay
=== RUN   TestParseTimeOfDay/valid_time
=== RUN   TestParseTimeOfDay/midnight
=== RUN   TestParseTimeOfDay/noon
=== RUN   TestParseTimeOfDay/evening
=== RUN   TestParseTimeOfDay/single_digit_hour
=== RUN   TestParseTimeOfDay/invalid_hour
=== RUN   TestParseTimeOfDay/invalid_minute
=== RUN   TestParseTimeOfDay/empty_string
=== RUN   TestParseTimeOfDay/wrong_format
--- PASS: TestParseTimeOfDay (0.00s)
    --- PASS: TestParseTimeOfDay/valid_time (0.00s)
    --- PASS: TestParseTimeOfDay/midnight (0.00s)
    --- PASS: TestParseTimeOfDay/noon (0.00s)
    --- PASS: TestParseTimeOfDay/evening (0.00s)
    --- PASS: TestParseTimeOfDay/single_digit_hour (0.00s)
    --- PASS: TestParseTimeOfDay/invalid_hour (0.00s)
    --- PASS: TestParseTimeOfDay/invalid_minute (0.00s)
    --- PASS: TestParseTimeOfDay/empty_string (0.00s)
    --- PASS: TestParseTimeOfDay/wrong_format (0.00s)
=== RUN   TestScheduleCalculator_calculateLunarLastDay
=== RUN   TestScheduleCalculator_calculateLunarLastDay/should_calculate_last_day_of_lunar_month
=== RUN   TestScheduleCalculator_calculateLunarLastDay/should_handle_missing_trigger_time_of_day
--- PASS: TestScheduleCalculator_calculateLunarLastDay (0.00s)
    --- PASS: TestScheduleCalculator_calculateLunarLastDay/should_calculate_last_day_of_lunar_month (0.00s)
    --- PASS: TestScheduleCalculator_calculateLunarLastDay/should_handle_missing_trigger_time_of_day (0.00s)
=== RUN   TestScheduleCalculator_Integration
=== RUN   TestScheduleCalculator_Integration/should_handle_complex_recurring_pattern
=== RUN   TestScheduleCalculator_Integration/should_handle_unsupported_recurrence_type
--- PASS: TestScheduleCalculator_Integration (0.00s)
    --- PASS: TestScheduleCalculator_Integration/should_handle_complex_recurring_pattern (0.00s)
    --- PASS: TestScheduleCalculator_Integration/should_handle_unsupported_recurrence_type (0.00s)
PASS
ok  	remiaq/internal/services	(cached)
?   	remiaq/internal/utils	[no test files]
=== RUN   TestNewWorker
--- PASS: TestNewWorker (0.00s)
=== RUN   TestWorker_Start_NilWorker
--- PASS: TestWorker_Start_NilWorker (0.00s)
=== RUN   TestWorker_Start_ZeroInterval
2025/11/06 00:07:09 Worker started (interval=1m0s)
--- PASS: TestWorker_Start_ZeroInterval (0.01s)
2025/11/06 00:07:09 Worker stopped
=== RUN   TestWorker_Start_ContextCancellation
2025/11/06 00:07:09 Worker started (interval=10ms)
2025/11/06 00:07:09 Worker stopped
--- PASS: TestWorker_Start_ContextCancellation (0.03s)
=== RUN   TestWorker_runOnce_WorkerDisabled
--- PASS: TestWorker_runOnce_WorkerDisabled (0.00s)
=== RUN   TestWorker_runOnce_WorkerEnabled_Success
--- PASS: TestWorker_runOnce_WorkerEnabled_Success (0.00s)
=== RUN   TestWorker_runOnce_WorkerEnabled_ProcessingError
2025/11/06 00:07:09 Worker: disabling due to error: FCM service unavailable
--- PASS: TestWorker_runOnce_WorkerEnabled_ProcessingError (0.00s)
=== RUN   TestWorker_runOnce_SystemStatusError
2025/11/06 00:07:09 Worker: failed to check system status: database connection failed
--- PASS: TestWorker_runOnce_SystemStatusError (0.00s)
=== RUN   TestWorker_runOnce_DisableWorkerError
2025/11/06 00:07:09 Worker: disabling due to error: FCM service unavailable
--- PASS: TestWorker_runOnce_DisableWorkerError (0.00s)
=== RUN   TestWorker_runOnce_ClearErrorFails
--- PASS: TestWorker_runOnce_ClearErrorFails (0.00s)
=== RUN   TestWorker_Integration_MultipleCycles
2025/11/06 00:07:09 Worker started (interval=20ms)
2025/11/06 00:07:09 Worker stopped
--- PASS: TestWorker_Integration_MultipleCycles (0.11s)
=== RUN   TestWorker_Integration_StatusChange
2025/11/06 00:07:09 Worker started (interval=15ms)
2025/11/06 00:07:09 Worker stopped
--- PASS: TestWorker_Integration_StatusChange (0.09s)
=== RUN   TestWorker_EdgeCases
=== RUN   TestWorker_EdgeCases/negative_interval_should_be_corrected
2025/11/06 00:07:09 Worker started (interval=1m0s)
=== RUN   TestWorker_EdgeCases/zero_interval_should_be_corrected
2025/11/06 00:07:09 Worker stopped
2025/11/06 00:07:09 Worker started (interval=1m0s)
2025/11/06 00:07:09 Worker stopped
--- PASS: TestWorker_EdgeCases (0.02s)
    --- PASS: TestWorker_EdgeCases/negative_interval_should_be_corrected (0.01s)
    --- PASS: TestWorker_EdgeCases/zero_interval_should_be_corrected (0.01s)
PASS
ok  	remiaq/internal/worker	(cached)
?   	remiaq/migrations	[no test files]
=== RUN   TestIntegration_ConfigAndServices
=== RUN   TestIntegration_ConfigAndServices/should_load_and_validate_config
=== RUN   TestIntegration_ConfigAndServices/should_initialize_lunar_calendar_service
=== RUN   TestIntegration_ConfigAndServices/should_initialize_schedule_calculator
--- PASS: TestIntegration_ConfigAndServices (0.00s)
    --- PASS: TestIntegration_ConfigAndServices/should_load_and_validate_config (0.00s)
    --- PASS: TestIntegration_ConfigAndServices/should_initialize_lunar_calendar_service (0.00s)
    --- PASS: TestIntegration_ConfigAndServices/should_initialize_schedule_calculator (0.00s)
=== RUN   TestIntegration_ConfigValidation
=== RUN   TestIntegration_ConfigValidation/should_reject_invalid_environment
=== RUN   TestIntegration_ConfigValidation/should_reject_invalid_worker_interval
=== RUN   TestIntegration_ConfigValidation/should_reject_invalid_server_address
--- PASS: TestIntegration_ConfigValidation (0.00s)
    --- PASS: TestIntegration_ConfigValidation/should_reject_invalid_environment (0.00s)
    --- PASS: TestIntegration_ConfigValidation/should_reject_invalid_worker_interval (0.00s)
    --- PASS: TestIntegration_ConfigValidation/should_reject_invalid_server_address (0.00s)
=== RUN   TestIntegration_ServiceInteraction
=== RUN   TestIntegration_ServiceInteraction/should_integrate_lunar_calendar_with_schedule_calculator
=== RUN   TestIntegration_ServiceInteraction/should_integrate_lunar_calendar_with_schedule_calculator/daily_solar
=== RUN   TestIntegration_ServiceInteraction/should_integrate_lunar_calendar_with_schedule_calculator/weekly_solar
=== RUN   TestIntegration_ServiceInteraction/should_integrate_lunar_calendar_with_schedule_calculator/monthly_solar
=== RUN   TestIntegration_ServiceInteraction/should_integrate_lunar_calendar_with_schedule_calculator/daily_lunar
=== RUN   TestIntegration_ServiceInteraction/should_integrate_lunar_calendar_with_schedule_calculator/weekly_lunar
=== RUN   TestIntegration_ServiceInteraction/should_integrate_lunar_calendar_with_schedule_calculator/monthly_lunar
=== RUN   TestIntegration_ServiceInteraction/should_handle_one-time_reminders
--- PASS: TestIntegration_ServiceInteraction (0.00s)
    --- PASS: TestIntegration_ServiceInteraction/should_integrate_lunar_calendar_with_schedule_calculator (0.00s)
        --- PASS: TestIntegration_ServiceInteraction/should_integrate_lunar_calendar_with_schedule_calculator/daily_solar (0.00s)
        --- PASS: TestIntegration_ServiceInteraction/should_integrate_lunar_calendar_with_schedule_calculator/weekly_solar (0.00s)
        --- PASS: TestIntegration_ServiceInteraction/should_integrate_lunar_calendar_with_schedule_calculator/monthly_solar (0.00s)
        --- PASS: TestIntegration_ServiceInteraction/should_integrate_lunar_calendar_with_schedule_calculator/daily_lunar (0.00s)
        --- PASS: TestIntegration_ServiceInteraction/should_integrate_lunar_calendar_with_schedule_calculator/weekly_lunar (0.00s)
        --- PASS: TestIntegration_ServiceInteraction/should_integrate_lunar_calendar_with_schedule_calculator/monthly_lunar (0.00s)
    --- PASS: TestIntegration_ServiceInteraction/should_handle_one-time_reminders (0.00s)
PASS
ok  	remiaq/test	(cached)
FAIL
